// Jest Snapshot v1, https://goo.gl/fbAQLP

exports[`Code Migrator Integration Test migrate 1`] = `
"import { TestBed,
UnitReference, Mocked } from "@suites/unit";
import { SinonStubbedInstance } from 'sinon';

class ClassUnderTest {}

describe('just a dummy file', () => {
  let unit: ClassUnderTest;
  let unitRef: UnitReference;

  let someMock: jest.Mocked<SomeClass>;

  beforeAll(() => {
    const { unitRef: ref, unit: underTest } = TestBed.solitary<ClassUnderTest>(ClassUnderTest).
    mock<string>('CONSTANT_VALUE').
    final('arbitrary-string').
    mock(SomeClass).
    impl((stubFn) => ({ something: stubFn() })).
    mock(SomeOtherClass).
    impl((stubFn) => ({ another: stubFn().mockResolvedValue('some-value') })).
    compile();

    unitRef = ref;
    unit = underTest;

    somemock = unitRef.get(SomeClass);
  });

  describe('when compiling the builder and turning into testing unit', () => {});
});"
`;
